Microchip MPLAB XC8 Compiler V3.00

Linker command line:

-W-3 \
  --edf=C:\Program Files\Microchip\xc8\v3.00\pic\dat\20241204225717_en.msgs \
  -cn -h+dist/default/debug\project.X.debug.sym \
  --cmf=dist/default/debug\project.X.debug.cmf -z -Q16F877A \
  -oC:\Users\weyth\AppData\Local\Temp\xcAsa1k.\driver_tmp_3.o \
  --defsym=__MPLAB_BUILD=1 --fixupoverflow=error \
  -Mdist/default/debug/project.X.debug.map \
  --md=C:\Users\weyth\AppData\Local\Temp\xcAsa1k.\driver_tmp_0.dat -E1 \
  -ver=XC8 Compiler -ACODE=00h-07FFhx4 -ASTRCODE=00h-01FFFh \
  -ASTRING=00h-0FFhx32 -ACONST=00h-0FFhx32 -AENTRY=00h-0FFhx32 \
  -ACOMMON=070h-07Fh -ABANK0=020h-06Fh -ABANK1=0A0h-0EFh \
  -ABANK2=0110h-016Fh -ABANK3=0190h-01EFh \
  -ARAM=020h-06Fh,0A0h-0EFh,0110h-016Fh,0190h-01EFh \
  -AABS1=020h-07Fh,0A0h-0EFh,0110h-016Fh,0190h-01EFh -ASFR0=00h-01Fh \
  -ASFR1=080h-09Fh -ASFR2=0100h-010Fh -ASFR3=0180h-018Fh \
  -ACONFIG=02007h-02007h -DCONFIG=2 -AIDLOC=02000h-02003h -DIDLOC=2 \
  -AEEDATA=00h-0FFh/02100h -peeprom_data=EEDATA -DEEDATA=2 -DCODE=2 \
  -DSTRCODE=2 -DSTRING=2 -DCONST=2 -DENTRY=2 \
  -preset_vec=00h,intentry,sivt,init,end_init -ppowerup=CODE -pcinit=CODE \
  -pfunctab=ENTRY -k \
  C:\Users\weyth\AppData\Local\Temp\xcAsa1k.\driver_tmp_12.o \
  dist/default/debug\project.X.debug.o 

Object code version is 3.11

Machine type is 16F877A



                Name                               Link     Load   Length Selector   Space Scale
C:\Users\weyth\AppData\Local\Temp\xcAsa1k.\driver_tmp_12.o
                end_init                              0        0        3        0       0
dist/default/debug\project.X.debug.o
                cinit                               7F1      7F1        F      FE2       0
                text3                               711      711       3C      E22       0
                text2                               74D      74D       48      E9A       0
                text1                               709      709        8      E12       0
                maintext                            795      795       5C      F2A       0
                cstackBANK0                          24       24        3       20       1
                cstackCOMMON                         70       70        D       70       1
                dataBANK0                            27       27        1       20       1
                bssBANK0                             20       20        4       20       1
                bssCOMMON                            7D       7D        1       70       1
                strings                               3        3        8        6       0
                idataBANK0                          708      708        1      E10       0

TOTAL           Name                               Link     Load   Length     Space
        CLASS   CODE           
                end_init                              0        0        3         0
                cinit                               7F1      7F1        F         0
                text3                               711      711       3C         0
                text2                               74D      74D       48         0
                text1                               709      709        8         0
                maintext                            795      795       5C         0
                idataBANK0                          708      708        1         0

        CLASS   STRCODE        

        CLASS   STRING         
                strings                               3        3        8         0

        CLASS   CONST          

        CLASS   ENTRY          

        CLASS   COMMON         
                cstackCOMMON                         70       70        D         1
                bssCOMMON                            7D       7D        1         1

        CLASS   BANK0          
                cstackBANK0                          24       24        3         1
                dataBANK0                            27       27        1         1
                bssBANK0                             20       20        4         1

        CLASS   BANK1          

        CLASS   BANK2          

        CLASS   BANK3          

        CLASS   RAM            

        CLASS   ABS1           
                abs_s1                               7E       7E        2         1

        CLASS   SFR0           

        CLASS   SFR1           

        CLASS   SFR2           

        CLASS   SFR3           

        CLASS   CONFIG         

        CLASS   IDLOC          

        CLASS   EEDATA         

        CLASS   HEAP           

        CLASS   STACK          



SEGMENTS        Name                           Load    Length   Top    Selector   Space  Class     Delta

                reset_vec                      000000  000003  000003         0       0  CODE        2
                strings                        000003  000008  00000B         6       0  STRING      2
                bssBANK0                       000020  000008  000028        20       1  BANK0       1
                cstackCOMMON                   000070  00000E  00007E        70       1  COMMON      1
                idataBANK0                     000708  000001  000709       E10       0  CODE        2
                text1                          000709  000008  000711       E12       0  CODE        2
                text3                          000711  00003C  00074D       E22       0  CODE        2
                text2                          00074D  000048  000795       E9A       0  CODE        2
                maintext                       000795  00005C  0007F1       F2A       0  CODE        2
                cinit                          0007F1  00000F  000800       FE2       0  CODE        2


UNUSED ADDRESS RANGES

        Name                Unused          Largest block    Delta
        BANK0            0028-006F             48           1
        BANK1            00A0-00EF             50           1
        BANK2            0110-016F             60           1
        BANK3            0190-01EF             60           1
        CODE             000B-0707            6FD           2
                         0800-1FFF            800
        CONFIG           2007-2007              1           2
        CONST            000B-0707            100           2
                         0800-1FFF            100
        EEDATA           2100-21FF            100           2
        ENTRY            000B-0707            100           2
                         0800-1FFF            100
        IDLOC            2000-2003              4           2
        RAM              0028-006F             48           1
                         00A0-00EF             50
                         0110-016F             60
                         0190-01EF             60
        SFR0             0000-001F             20           1
        SFR1             0080-009F             20           1
        SFR2             0100-010F             10           1
        SFR3             0180-018F             10           1
        STRCODE          000B-0707            6FD           2
                         0800-1FFF           1800
        STRING           000B-0707            100           2
                         0800-1FFF            100

                                  Symbol Table

_PORTBbits                        (abs)        0006
_PORTC                            (abs)        0007
_PORTD                            (abs)        0008
_TRISB                            (abs)        0086
_TRISC                            (abs)        0087
_TRISD                            (abs)        0088
__H__absolute__                   __absolute__ 0000
__Habs1                           abs1         0000
__Hbank0                          bank0        0000
__Hbank1                          bank1        0000
__Hbank2                          bank2        0000
__Hbank3                          bank3        0000
__HbssBANK0                       bssBANK0     0000
__HbssCOMMON                      bssCOMMON    0000
__Hcinit                          cinit        0800
__Hclrtext                        clrtext      0000
__Hcode                           code         0000
__Hcommon                         common       0000
__HcstackBANK0                    cstackBANK0  0000
__HcstackCOMMON                   cstackCOMMON 0000
__HdataBANK0                      dataBANK0    0000
__Heeprom_data                    eeprom_data  0000
__Hend_init                       end_init     0003
__Hfunctab                        functab      0000
__Hheap                           heap         0000
__HidataBANK0                     idataBANK0   0000
__Hinit                           init         0000
__Hintentry                       intentry     0000
__Hmaintext                       maintext     0000
__Hpowerup                        powerup      0000
__Hram                            ram          0000
__Hreset_vec                      reset_vec    0000
__Hsfr0                           sfr0         0000
__Hsfr1                           sfr1         0000
__Hsfr2                           sfr2         0000
__Hsfr3                           sfr3         0000
__Hsivt                           sivt         0000
__Hspace_0                        (abs)        0800
__Hspace_1                        (abs)        007E
__Hspace_2                        (abs)        0000
__Hspace_3                        (abs)        0000
__Hstack                          stack        0000
__Hstrings                        strings      0000
__Htext                           text         0000
__L__absolute__                   __absolute__ 0000
__Labs1                           abs1         0000
__Lbank0                          bank0        0000
__Lbank1                          bank1        0000
__Lbank2                          bank2        0000
__Lbank3                          bank3        0000
__LbssBANK0                       bssBANK0     0000
__LbssCOMMON                      bssCOMMON    0000
__Lcinit                          cinit        07F1
__Lclrtext                        clrtext      0000
__Lcode                           code         0000
__Lcommon                         common       0000
__LcstackBANK0                    cstackBANK0  0000
__LcstackCOMMON                   cstackCOMMON 0000
__LdataBANK0                      dataBANK0    0000
__Leeprom_data                    eeprom_data  0000
__Lend_init                       end_init     0000
__Lfunctab                        functab      0000
__Lheap                           heap         0000
__LidataBANK0                     idataBANK0   0000
__Linit                           init         0000
__Lintentry                       intentry     0000
__Lmaintext                       maintext     0000
__Lpowerup                        powerup      0000
__Lram                            ram          0000
__Lreset_vec                      reset_vec    0000
__Lsfr0                           sfr0         0000
__Lsfr1                           sfr1         0000
__Lsfr2                           sfr2         0000
__Lsfr3                           sfr3         0000
__Lsivt                           sivt         0000
__Lspace_0                        (abs)        0000
__Lspace_1                        (abs)        0000
__Lspace_2                        (abs)        0000
__Lspace_3                        (abs)        0000
__Lstack                          stack        0000
__Lstrings                        strings      0000
__Ltext                           text         0000
__S0                              (abs)        0800
__S1                              (abs)        007E
__S3                              (abs)        0000
___heap_hi                        (abs)        0000
___heap_lo                        (abs)        0000
___int_sp                         stack        0000
___int_stack_hi                   stack        0000
___int_stack_lo                   stack        0000
___latbits                        (abs)        0002
___sp                             stack        0000
___stack_hi                       stack        0000
___stack_lo                       stack        0000
___stackhi                        (abs)        0000
___stacklo                        (abs)        0000
__end_of__initialization          cinit        07FC
__end_of__stringtab               strings      0009
__end_of_chenillard               text3        074D
__end_of_main                     maintext     07F1
__end_of_read_button              text2        0795
__end_of_read_switch              text1        0711
__end_ofchenillard@MAX_CHENILLARD strings      000B
__end_ofchenillard@MIN_CHENILLARD strings      000A
__initialization                  cinit        07F1
__pbssBANK0                       bssBANK0     0020
__pbssCOMMON                      bssCOMMON    007D
__pcstackBANK0                    cstackBANK0  0024
__pcstackCOMMON                   cstackCOMMON 0070
__pdataBANK0                      dataBANK0    0027
__pidataBANK0                     idataBANK0   0708
__pmaintext                       maintext     0795
__pstrings                        strings      0003
__ptext1                          text1        0709
__ptext2                          text2        074D
__ptext3                          text3        0711
__stringbase                      strings      0008
__stringtab                       strings      0003
_chenillard                       text3        0711
_main                             maintext     0795
_read_button                      text2        074D
_read_button$97                   cstackCOMMON 0072
_read_button$98                   cstackCOMMON 0073
_read_switch                      text1        0709
btemp                             (abs)        007E
chenillard@chenillard             bssCOMMON    007D
chenillard@max                    bssBANK0     0020
chenillard@right                  cstackCOMMON 0071
end_of_initialization             cinit        07FC
intlevel0                         functab      0000
intlevel1                         functab      0000
intlevel2                         functab      0000
intlevel3                         functab      0000
intlevel4                         functab      0000
intlevel5                         functab      0000
main@menu                         cstackBANK0  0026
main@right                        bssBANK0     0023
main@speed                        dataBANK0    0027
main@switchs                      cstackBANK0  0024
main@up                           cstackBANK0  0025
read_button@menu                  cstackCOMMON 0071
read_button@menu_mem              bssBANK0     0021
read_button@menu_read             cstackCOMMON 0075
read_button@up                    cstackCOMMON 0070
read_button@up_mem                bssBANK0     0022
read_button@up_read               cstackCOMMON 0074
read_switch@switchs               cstackCOMMON 0070
reset_vec                         reset_vec    0000
start                             init         0000
start_initialization              cinit        07F1
wtemp0                            (abs)        007E


MODULE INFORMATION

Module		Function		Class		Link	Load	Size
shared
		__stringtab    		STRING         	0003	0000	6
		chenillard@MIN_CHENILLARD		STRING         	0000	0000	0
		chenillard@MAX_CHENILLARD		STRING         	0000	0000	0
		__initialization		CODE           	07F1	0000	11

shared estimated size: 17

main.c
		_read_switch   		CODE           	0709	0000	8
		_main          		CODE           	0795	0000	92
		_chenillard    		CODE           	0711	0000	60
		_read_button   		CODE           	074D	0000	72

main.c estimated size: 232

